// Jest Snapshot v1, https://goo.gl/fbAQLP

exports[`Avatar should render Avatar component has src props 1`] = `
<View
  style={
    {
      "alignItems": "center",
      "flexDirection": "row",
      "gap": 20,
    }
  }
>
  <View
    style={
      {
        "borderBottomLeftRadius": 80,
        "borderBottomRightRadius": 80,
        "borderTopLeftRadius": 80,
        "borderTopRightRadius": 80,
        "height": 80,
        "overflow": "hidden",
        "width": 80,
      }
    }
  >
    <Image
      alt="Avatar"
      resizeMode="cover"
      source={
        {
          "uri": "https://i.ibb.co/zJrdJfJ/Ellipse-30.png",
        }
      }
      style={
        {
          "height": "100%",
          "width": "100%",
        }
      }
    />
  </View>
  <View
    style={
      {
        "gap": 4,
      }
    }
  >
    <Text
      allowFontScaling={false}
      style={
        {
          "color": "#242424",
          "fontFamily": "NunitoSans, Helvetica, Arial, sans-serif",
          "fontSize": 20,
          "fontWeight": "bold",
          "lineHeight": 20,
        }
      }
      suppressHighlighting={true}
    >
      Bruno Pham
    </Text>
    <Text
      allowFontScaling={false}
      style={
        {
          "color": "#808080",
          "fontFamily": "NunitoSans_7pt-Medium",
          "fontSize": 14,
          "lineHeight": 20,
        }
      }
      suppressHighlighting={true}
    >
      bruno203@gmail.com
    </Text>
  </View>
</View>
`;

exports[`Avatar should render Avatar component with empty image 1`] = `
<View
  style={
    {
      "alignItems": "center",
      "flexDirection": "row",
      "gap": 20,
    }
  }
>
  <View
    style={
      {
        "borderBottomLeftRadius": 80,
        "borderBottomRightRadius": 80,
        "borderTopLeftRadius": 80,
        "borderTopRightRadius": 80,
        "height": 80,
        "overflow": "hidden",
        "width": 80,
      }
    }
  >
    <Image
      alt="Avatar"
      resizeMode="cover"
      source={
        {
          "uri": "https://i.ibb.co/zJrdJfJ/Ellipse-30.png",
        }
      }
      style={
        {
          "height": "100%",
          "width": "100%",
        }
      }
    />
  </View>
  <View
    style={
      {
        "gap": 4,
      }
    }
  >
    <Text
      allowFontScaling={false}
      style={
        {
          "color": "#242424",
          "fontFamily": "NunitoSans, Helvetica, Arial, sans-serif",
          "fontSize": 20,
          "fontWeight": "bold",
          "lineHeight": 20,
        }
      }
      suppressHighlighting={true}
    >
      Bruno Pham
    </Text>
    <Text
      allowFontScaling={false}
      style={
        {
          "color": "#808080",
          "fontFamily": "NunitoSans_7pt-Medium",
          "fontSize": 14,
          "lineHeight": 20,
        }
      }
      suppressHighlighting={true}
    >
      bruno203@gmail.com
    </Text>
  </View>
</View>
`;
