// Jest Snapshot v1, https://goo.gl/fbAQLP

exports[`ProfileCard should render ProfileCard component 1`] = `
<View
  style={
    {
      "alignItems": "center",
      "backgroundColor": "#fff",
      "elevation": 16,
      "flexDirection": "row",
      "justifyContent": "space-between",
      "paddingBottom": 20,
      "paddingLeft": 20,
      "paddingRight": 10,
      "paddingTop": 20,
      "shadowColor": "$boxShadowSecondary",
      "shadowOffset": {
        "height": 2,
        "width": 0,
      },
      "shadowOpacity": 0,
      "shadowRadius": 4,
    }
  }
  testID="profile-card"
>
  <View
    style={
      {
        "gap": 6,
      }
    }
  >
    <Text
      allowFontScaling={false}
      style={
        {
          "color": "#242424",
          "fontFamily": "Merriweather, Helvetica, Arial, sans-serif",
          "fontSize": 18,
          "fontWeight": "bold",
          "lineHeight": 20,
        }
      }
      suppressHighlighting={true}
    >
      My Orders
    </Text>
    <Text
      allowFontScaling={false}
      style={
        {
          "color": "#808080",
          "fontFamily": "NunitoSans_7pt-Medium",
          "fontSize": 12,
          "lineHeight": 20,
        }
      }
      suppressHighlighting={true}
    >
      Already have 10 orders
    </Text>
  </View>
  <RNSVGSvgView
    align="xMidYMid"
    bbHeight="24"
    bbWidth="24"
    fill="none"
    focusable={false}
    height="24"
    meetOrSlice={0}
    minX={0}
    minY={0}
    style={
      [
        {
          "backgroundColor": "transparent",
          "borderWidth": 0,
        },
        {
          "flex": 0,
          "height": 24,
          "width": 24,
        },
      ]
    }
    vbHeight={24}
    vbWidth={24}
    width="24"
  >
    <RNSVGGroup
      fill={null}
      propList={
        [
          "fill",
        ]
      }
    >
      <RNSVGPath
        d="M9 18l6-6-6-6"
        fill={
          {
            "payload": 4278190080,
            "type": 0,
          }
        }
        propList={
          [
            "stroke",
            "strokeWidth",
            "strokeLinecap",
            "strokeLinejoin",
          ]
        }
        stroke={
          {
            "payload": 4280558628,
            "type": 0,
          }
        }
        strokeLinecap={1}
        strokeLinejoin={1}
        strokeWidth="1.5"
      />
    </RNSVGGroup>
  </RNSVGSvgView>
</View>
`;
